// Jest Snapshot v1, https://goo.gl/fbAQLP

exports[`exportPreviews command cli runs on templates 1`] = `
"mailing Exporting preview html to
mailing ./previews_html
mailing   |-- text_email_reset_password.html
mailing   |-- text_email_account_deleted.html
mailing   |-- text_email_new_sign_in.html
mailing   |-- welcome_to_amelita.html
mailing âœ… Processed 4 previews
"
`;
